
   FastAPI   Starting development server 🚀
 
             Searching for package file structure from directories with        
             __init__.py files                                                 
             Importing from C:\Users\AC\Desktop\final                          
             project\order-fulfillment-coordinator\apps\api\src                
 
    module   📁 fulfillment    
             ├── 🐍 __init__.py
             └── 🐍 main.py    
 
      code   Importing the FastAPI app object from the module with the         
             following code:                                                   
 
             from fulfillment.main import app
 
       app   Using import string: fulfillment.main:app
 
    server   Server started at http://127.0.0.1:8000
    server   Documentation at http://127.0.0.1:8000/docs
 
       tip   Running in development mode, for production use: fastapi run
 
             Logs:
 
2026-07-09 16:02:13,410 INFO sqlalchemy.engine.Engine BEGIN (implicit)
2026-07-09 16:02:13,412 INFO sqlalchemy.engine.Engine PRAGMA main.table_info("orders")
2026-07-09 16:02:13,413 INFO sqlalchemy.engine.Engine [raw sql] ()
2026-07-09 16:02:13,417 INFO sqlalchemy.engine.Engine PRAGMA main.table_info("shipments")
2026-07-09 16:02:13,418 INFO sqlalchemy.engine.Engine [raw sql] ()
2026-07-09 16:02:13,421 INFO sqlalchemy.engine.Engine PRAGMA main.table_info("fulfillment_centers")
2026-07-09 16:02:13,422 INFO sqlalchemy.engine.Engine [raw sql] ()
2026-07-09 16:02:13,425 INFO sqlalchemy.engine.Engine PRAGMA main.table_info("carrier_rates")
2026-07-09 16:02:13,426 INFO sqlalchemy.engine.Engine [raw sql] ()
2026-07-09 16:02:13,429 INFO sqlalchemy.engine.Engine PRAGMA main.table_info("agent_events")
2026-07-09 16:02:13,430 INFO sqlalchemy.engine.Engine [raw sql] ()
2026-07-09 16:02:13,433 INFO sqlalchemy.engine.Engine PRAGMA main.table_info("notifications")
2026-07-09 16:02:13,434 INFO sqlalchemy.engine.Engine [raw sql] ()
2026-07-09 16:02:13,438 INFO sqlalchemy.engine.Engine COMMIT
      INFO   127.0.0.1:58054 - "POST /api/chat/ HTTP/1.1" 404
      INFO   127.0.0.1:58076 - "POST /api/chat HTTP/1.1" 401
      INFO   127.0.0.1:58095 - "POST /api/v1/auth/token HTTP/1.1" 404
      INFO   127.0.0.1:58172 - "GET /openapi.json HTTP/1.1" 200
      INFO   127.0.0.1:58195 - "POST /api/auth/login HTTP/1.1" 200
      INFO   127.0.0.1:58195 - "POST /api/chat HTTP/1.1" 500
      INFO   127.0.0.1:58219 - "POST /api/auth/login HTTP/1.1" 200
      INFO   127.0.0.1:58265 - "POST /api/auth/login HTTP/1.1" 200
      INFO   127.0.0.1:58265 - "POST /api/chat HTTP/1.1" 500
  2026-07-09 16:06:43,205 INFO sqlalchemy.engine.Engine BEGIN (implicit)
2026-07-09 16:06:43,207 INFO sqlalchemy.engine.Engine PRAGMA main.table_info("orders")
2026-07-09 16:06:43,208 INFO sqlalchemy.engine.Engine [raw sql] ()
2026-07-09 16:06:43,212 INFO sqlalchemy.engine.Engine PRAGMA main.table_info("shipments")
2026-07-09 16:06:43,214 INFO sqlalchemy.engine.Engine [raw sql] ()
2026-07-09 16:06:43,217 INFO sqlalchemy.engine.Engine PRAGMA main.table_info("fulfillment_centers")
2026-07-09 16:06:43,218 INFO sqlalchemy.engine.Engine [raw sql] ()
2026-07-09 16:06:43,221 INFO sqlalchemy.engine.Engine PRAGMA main.table_info("carrier_rates")
2026-07-09 16:06:43,222 INFO sqlalchemy.engine.Engine [raw sql] ()
2026-07-09 16:06:43,226 INFO sqlalchemy.engine.Engine PRAGMA main.table_info("agent_events")
2026-07-09 16:06:43,227 INFO sqlalchemy.engine.Engine [raw sql] ()
2026-07-09 16:06:43,229 INFO sqlalchemy.engine.Engine PRAGMA main.table_info("notifications")
2026-07-09 16:06:43,231 INFO sqlalchemy.engine.Engine [raw sql] ()
2026-07-09 16:06:43,234 INFO sqlalchemy.engine.Engine COMMIT
2026-07-09 16:07:22,774 INFO sqlalchemy.engine.Engine BEGIN (implicit)
2026-07-09 16:07:22,777 INFO sqlalchemy.engine.Engine PRAGMA main.table_info("orders")
2026-07-09 16:07:22,778 INFO sqlalchemy.engine.Engine [raw sql] ()
2026-07-09 16:07:22,783 INFO sqlalchemy.engine.Engine PRAGMA main.table_info("shipments")
2026-07-09 16:07:22,784 INFO sqlalchemy.engine.Engine [raw sql] ()
2026-07-09 16:07:22,789 INFO sqlalchemy.engine.Engine PRAGMA main.table_info("fulfillment_centers")
2026-07-09 16:07:22,790 INFO sqlalchemy.engine.Engine [raw sql] ()
2026-07-09 16:07:22,793 INFO sqlalchemy.engine.Engine PRAGMA main.table_info("carrier_rates")
2026-07-09 16:07:22,794 INFO sqlalchemy.engine.Engine [raw sql] ()
2026-07-09 16:07:22,798 INFO sqlalchemy.engine.Engine PRAGMA main.table_info("agent_events")
2026-07-09 16:07:22,799 INFO sqlalchemy.engine.Engine [raw sql] ()
2026-07-09 16:07:22,806 INFO sqlalchemy.engine.Engine PRAGMA main.table_info("notifications")
2026-07-09 16:07:22,807 INFO sqlalchemy.engine.Engine [raw sql] ()
2026-07-09 16:07:22,810 INFO sqlalchemy.engine.Engine COMMIT
